// Jest Snapshot v1, https://goo.gl/fbAQLP

exports[`Source parser Custom regexp parsing should work with custom regexps 1`] = `
Object {
  "ISE=": Object {
    "context": null,
    "firstUsed": null,
    "id": "ISE=",
    "sources": Array [
      "FILENAME",
    ],
    "text": "!!",
    "unusedSince": null,
  },
  "aG8=": Object {
    "context": null,
    "firstUsed": null,
    "id": "aG8=",
    "sources": Array [
      "FILENAME",
    ],
    "text": "ho",
    "unusedSince": null,
  },
  "aGV5": Object {
    "context": null,
    "firstUsed": null,
    "id": "aGV5",
    "sources": Array [
      "FILENAME",
    ],
    "text": "hey",
    "unusedSince": null,
  },
  "bGV0J3MgZ28=": Object {
    "context": null,
    "firstUsed": null,
    "id": "bGV0J3MgZ28=",
    "sources": Array [
      "FILENAME",
    ],
    "text": "let's go",
    "unusedSince": null,
  },
}
`;

exports[`Source parser Custom regexp parsing should work with custom regexps and multiline strings 1`] = `
Object {
  "QSB2ZXJ5CmxvbmcKc3RyaW5n": Object {
    "context": null,
    "firstUsed": null,
    "id": "QSB2ZXJ5CmxvbmcKc3RyaW5n",
    "sources": Array [
      "FILENAME",
    ],
    "text": "A very
long
string",
    "unusedSince": null,
  },
}
`;

exports[`Source parser Function parser should extract context if available 1`] = `
Object {
  "Y29udGV4dF9FeGFtcGxl": Object {
    "context": "context",
    "firstUsed": null,
    "id": "Y29udGV4dF9FeGFtcGxl",
    "sources": Array [
      "FILENAME",
    ],
    "text": "Example",
    "unusedSince": null,
  },
}
`;

exports[`Source parser Function parser should work in a simple case 1`] = `
Object {
  "RXhhbXBsZQ==": Object {
    "context": null,
    "firstUsed": null,
    "id": "RXhhbXBsZQ==",
    "sources": Array [
      "FILENAME",
    ],
    "text": "Example",
    "unusedSince": null,
  },
}
`;

exports[`Source parser Function parser should work with multiline strings 1`] = `
Object {
  "Y29udGV4dF9UaGlzIGlzIGEgdmVyeQpsb25nCnN0cmluZw==": Object {
    "context": "context",
    "firstUsed": null,
    "id": "Y29udGV4dF9UaGlzIGlzIGEgdmVyeQpsb25nCnN0cmluZw==",
    "sources": Array [
      "FILENAME",
    ],
    "text": "This is a very
long
string",
    "unusedSince": null,
  },
}
`;

exports[`Source parser Function parser should work with single and double quotes 1`] = `
Object {
  "RXhhbXBsZQ==": Object {
    "context": null,
    "firstUsed": null,
    "id": "RXhhbXBsZQ==",
    "sources": Array [
      "FILENAME",
    ],
    "text": "Example",
    "unusedSince": null,
  },
  "RXhhbXBsZTI=": Object {
    "context": null,
    "firstUsed": null,
    "id": "RXhhbXBsZTI=",
    "sources": Array [
      "FILENAME",
    ],
    "text": "Example2",
    "unusedSince": null,
  },
}
`;

exports[`Source parser Function parser should work with specially-named functions 1`] = `
Object {
  "aG8=": Object {
    "context": null,
    "firstUsed": null,
    "id": "aG8=",
    "sources": Array [
      "FILENAME",
    ],
    "text": "ho",
    "unusedSince": null,
  },
  "aGk=": Object {
    "context": null,
    "firstUsed": null,
    "id": "aGk=",
    "sources": Array [
      "FILENAME",
    ],
    "text": "hi",
    "unusedSince": null,
  },
  "dGhlcmU=": Object {
    "context": null,
    "firstUsed": null,
    "id": "dGhlcmU=",
    "sources": Array [
      "FILENAME",
    ],
    "text": "there",
    "unusedSince": null,
  },
}
`;

exports[`Source parser React Intl parser should extract messages from FormattedHTMLMessage components 1`] = `
Object {
  "Y29udGV4dF88aT5IZWxsbyB7TkFNRX0hPC9pPg==": Object {
    "context": "context",
    "description": undefined,
    "firstUsed": null,
    "id": "Y29udGV4dF88aT5IZWxsbyB7TkFNRX0hPC9pPg==",
    "reactIntlId": "reactIntlId2",
    "sources": Array [
      "FILENAME",
    ],
    "text": "<i>Hello {NAME}!</i>",
    "unusedSince": null,
  },
}
`;

exports[`Source parser React Intl parser should extract messages from FormattedMessage components 1`] = `
Object {
  "Y29udGV4dF9IZWxsbyB7TkFNRX0h": Object {
    "context": "context",
    "description": "Bla bla bla",
    "firstUsed": null,
    "id": "Y29udGV4dF9IZWxsbyB7TkFNRX0h",
    "reactIntlId": "reactIntlId1",
    "sources": Array [
      "FILENAME",
    ],
    "text": "Hello {NAME}!",
    "unusedSince": null,
  },
}
`;

exports[`Source parser React Intl parser should extract messages from defineMessages() calls 1`] = `
Object {
  "c29tZUNvbnRleHRfSGVsbG8sIHtOQU1FfSE=": Object {
    "context": "someContext",
    "description": "Message to greet the user",
    "firstUsed": null,
    "id": "c29tZUNvbnRleHRfSGVsbG8sIHtOQU1FfSE=",
    "reactIntlId": "reactIntlId3",
    "sources": Array [
      "FILENAME",
    ],
    "text": "Hello, {NAME}!",
    "unusedSince": null,
  },
}
`;
