// Jest Snapshot v1, https://goo.gl/fbAQLP

exports[`HoverableTranslatorRow 01 key without translations 1`] = `
<div
  className="tableBodyRow"
  id="keyId1"
  onClick={[Function]}
  style={
    Object {
      "WebkitFlex": "none",
      "display": "flex",
      "flex": "none",
      "flexDirection": "row",
      "minHeight": 21,
    }
  }
>
  <div
    onMouseEnter={[Function]}
    onMouseLeave={[Function]}
    onMouseMove={[Function]}
    style={
      Object {
        "WebkitFlex": "1 1 0px",
        "backgroundColor": "white",
        "borderBottom": "1px solid #c6bdff",
        "flex": "1 1 0px",
        "marginRight": 5,
        "paddingBottom": 1,
        "paddingLeft": 5,
        "paddingRight": 17,
        "paddingTop": 1,
        "position": "relative",
      }
    }
  >
    <span
      style={
        Object {
          "fontWeight": 900,
          "marginRight": 10,
        }
      }
    >
      someContext
    </span>
    <span
      style={
        Object {
          "whiteSpace": "pre-wrap",
        }
      }
    >
      A message
    </span>
  </div>
  <div
    style={
      Object {
        "WebkitFlex": "1 1 0px",
        "backgroundColor": "#d6e4ff",
        "borderBottom": "1px solid #c6bdff",
        "flex": "1 1 0px",
        "marginRight": 5,
        "paddingBottom": 1,
        "paddingLeft": 5,
        "paddingRight": 5,
        "paddingTop": 1,
        "position": "relative",
      }
    }
  >
    <div
      changeSelectedKey={[Function]}
      dataMockType="Translation"
      lang="es"
      theKey={
        Object {
          "context": "someContext",
          "id": "keyId1",
          "text": "A message",
          "translations": Object {
            "edges": Array [],
          },
          "unusedSince": null,
        }
      }
      translation={null}
    >
      Translation
    </div>
  </div>
  <div
    style={
      Object {
        "WebkitFlex": "1 1 0px",
        "backgroundColor": "#d6e4ff",
        "borderBottom": "1px solid #c6bdff",
        "flex": "1 1 0px",
        "marginRight": 5,
        "paddingBottom": 1,
        "paddingLeft": 5,
        "paddingRight": 5,
        "paddingTop": 1,
        "position": "relative",
      }
    }
  >
    <div
      changeSelectedKey={[Function]}
      dataMockType="Translation"
      lang="ca"
      theKey={
        Object {
          "context": "someContext",
          "id": "keyId1",
          "text": "A message",
          "translations": Object {
            "edges": Array [],
          },
          "unusedSince": null,
        }
      }
      translation={null}
    >
      Translation
    </div>
  </div>
</div>
------------HTML PREVIEW---------------
<div
  class="tableBodyRow"
  id="keyId1"
  style="-webkit-flex:none;display:flex;flex:none;flex-direction:row;min-height:21px;"
>
  <div style="-webkit-flex:1 1 0px;background-color:white;border-bottom:1px solid #c6bdff;flex:1 1 0px;margin-right:5px;padding-bottom:1px;padding-left:5px;padding-right:17px;padding-top:1px;position:relative;">
    <span style="font-weight:900;margin-right:10px;">
      someContext
    </span>
    <span style="white-space:pre-wrap;">
      A message
    </span>
  </div>
  <div style="-webkit-flex:1 1 0px;background-color:#d6e4ff;border-bottom:1px solid #c6bdff;flex:1 1 0px;margin-right:5px;padding-bottom:1px;padding-left:5px;padding-right:5px;padding-top:1px;position:relative;">
    <div
      dataMockType="Translation"
      lang="es"
    >
      Translation
    </div>
  </div>
  <div style="-webkit-flex:1 1 0px;background-color:#d6e4ff;border-bottom:1px solid #c6bdff;flex:1 1 0px;margin-right:5px;padding-bottom:1px;padding-left:5px;padding-right:5px;padding-top:1px;position:relative;">
    <div
      dataMockType="Translation"
      lang="ca"
    >
      Translation
    </div>
  </div>
</div>
`;

exports[`HoverableTranslatorRow 02 key with translations 1`] = `
<div
  className="tableBodyRow"
  id="keyId2"
  onClick={[Function]}
  style={
    Object {
      "WebkitFlex": "none",
      "display": "flex",
      "flex": "none",
      "flexDirection": "row",
      "minHeight": 21,
    }
  }
>
  <div
    onMouseEnter={[Function]}
    onMouseLeave={[Function]}
    onMouseMove={[Function]}
    style={
      Object {
        "WebkitFlex": "1 1 0px",
        "backgroundColor": "white",
        "borderBottom": "1px solid #c6bdff",
        "flex": "1 1 0px",
        "marginRight": 5,
        "paddingBottom": 1,
        "paddingLeft": 5,
        "paddingRight": 17,
        "paddingTop": 1,
        "position": "relative",
      }
    }
  >
    <span
      style={
        Object {
          "fontWeight": 900,
          "marginRight": 10,
        }
      }
    >
      someContext
    </span>
    <span
      style={
        Object {
          "whiteSpace": "pre-wrap",
        }
      }
    >
      A message
    </span>
  </div>
  <div
    style={
      Object {
        "WebkitFlex": "1 1 0px",
        "backgroundColor": "white",
        "borderBottom": "1px solid #c6bdff",
        "flex": "1 1 0px",
        "marginRight": 5,
        "paddingBottom": 1,
        "paddingLeft": 5,
        "paddingRight": 5,
        "paddingTop": 1,
        "position": "relative",
      }
    }
  >
    <div
      changeSelectedKey={[Function]}
      dataMockType="Translation"
      lang="es"
      theKey={
        Object {
          "context": "someContext",
          "id": "keyId2",
          "text": "A message",
          "translations": Object {
            "edges": Array [
              Object {
                "node": Object {
                  "id": "translationId1",
                  "lang": "es",
                  "translation": "Un mensaje",
                },
              },
              Object {
                "node": Object {
                  "id": "translationId2",
                  "lang": "ca",
                  "translation": "Un missatge",
                },
              },
            ],
          },
          "unusedSince": null,
        }
      }
      translation={
        Object {
          "id": "translationId1",
          "lang": "es",
          "translation": "Un mensaje",
        }
      }
    >
      Translation
    </div>
  </div>
  <div
    style={
      Object {
        "WebkitFlex": "1 1 0px",
        "backgroundColor": "white",
        "borderBottom": "1px solid #c6bdff",
        "flex": "1 1 0px",
        "marginRight": 5,
        "paddingBottom": 1,
        "paddingLeft": 5,
        "paddingRight": 5,
        "paddingTop": 1,
        "position": "relative",
      }
    }
  >
    <div
      changeSelectedKey={[Function]}
      dataMockType="Translation"
      lang="ca"
      theKey={
        Object {
          "context": "someContext",
          "id": "keyId2",
          "text": "A message",
          "translations": Object {
            "edges": Array [
              Object {
                "node": Object {
                  "id": "translationId1",
                  "lang": "es",
                  "translation": "Un mensaje",
                },
              },
              Object {
                "node": Object {
                  "id": "translationId2",
                  "lang": "ca",
                  "translation": "Un missatge",
                },
              },
            ],
          },
          "unusedSince": null,
        }
      }
      translation={
        Object {
          "id": "translationId2",
          "lang": "ca",
          "translation": "Un missatge",
        }
      }
    >
      Translation
    </div>
  </div>
</div>
------------HTML PREVIEW---------------
<div
  class="tableBodyRow"
  id="keyId2"
  style="-webkit-flex:none;display:flex;flex:none;flex-direction:row;min-height:21px;"
>
  <div style="-webkit-flex:1 1 0px;background-color:white;border-bottom:1px solid #c6bdff;flex:1 1 0px;margin-right:5px;padding-bottom:1px;padding-left:5px;padding-right:17px;padding-top:1px;position:relative;">
    <span style="font-weight:900;margin-right:10px;">
      someContext
    </span>
    <span style="white-space:pre-wrap;">
      A message
    </span>
  </div>
  <div style="-webkit-flex:1 1 0px;background-color:white;border-bottom:1px solid #c6bdff;flex:1 1 0px;margin-right:5px;padding-bottom:1px;padding-left:5px;padding-right:5px;padding-top:1px;position:relative;">
    <div
      dataMockType="Translation"
      lang="es"
    >
      Translation
    </div>
  </div>
  <div style="-webkit-flex:1 1 0px;background-color:white;border-bottom:1px solid #c6bdff;flex:1 1 0px;margin-right:5px;padding-bottom:1px;padding-left:5px;padding-right:5px;padding-top:1px;position:relative;">
    <div
      dataMockType="Translation"
      lang="ca"
    >
      Translation
    </div>
  </div>
</div>
`;

exports[`HoverableTranslatorRow 03 selected key 1`] = `
<div
  className="tableBodyRow"
  id="keyId1"
  onClick={[Function]}
  style={
    Object {
      "WebkitFlex": "none",
      "display": "flex",
      "flex": "none",
      "flexDirection": "row",
      "minHeight": 21,
    }
  }
>
  <div
    onMouseEnter={[Function]}
    onMouseLeave={[Function]}
    onMouseMove={[Function]}
    style={
      Object {
        "WebkitFlex": "1 1 0px",
        "backgroundColor": "#dcd6ff",
        "borderBottom": "1px solid #c6bdff",
        "flex": "1 1 0px",
        "marginRight": 5,
        "paddingBottom": 1,
        "paddingLeft": 5,
        "paddingRight": 17,
        "paddingTop": 1,
        "position": "relative",
      }
    }
  >
    <span
      style={
        Object {
          "fontWeight": 900,
          "marginRight": 10,
        }
      }
    >
      someContext
    </span>
    <span
      style={
        Object {
          "whiteSpace": "pre-wrap",
        }
      }
    >
      A message
    </span>
  </div>
  <div
    style={
      Object {
        "WebkitFlex": "1 1 0px",
        "backgroundColor": "#dcd6ff",
        "borderBottom": "1px solid #c6bdff",
        "flex": "1 1 0px",
        "marginRight": 5,
        "paddingBottom": 1,
        "paddingLeft": 5,
        "paddingRight": 5,
        "paddingTop": 1,
        "position": "relative",
      }
    }
  >
    <div
      changeSelectedKey={[Function]}
      dataMockType="Translation"
      lang="es"
      theKey={
        Object {
          "context": "someContext",
          "id": "keyId1",
          "text": "A message",
          "translations": Object {
            "edges": Array [],
          },
          "unusedSince": null,
        }
      }
      translation={null}
    >
      Translation
    </div>
  </div>
  <div
    style={
      Object {
        "WebkitFlex": "1 1 0px",
        "backgroundColor": "#dcd6ff",
        "borderBottom": "1px solid #c6bdff",
        "flex": "1 1 0px",
        "marginRight": 5,
        "paddingBottom": 1,
        "paddingLeft": 5,
        "paddingRight": 5,
        "paddingTop": 1,
        "position": "relative",
      }
    }
  >
    <div
      changeSelectedKey={[Function]}
      dataMockType="Translation"
      lang="ca"
      theKey={
        Object {
          "context": "someContext",
          "id": "keyId1",
          "text": "A message",
          "translations": Object {
            "edges": Array [],
          },
          "unusedSince": null,
        }
      }
      translation={null}
    >
      Translation
    </div>
  </div>
</div>
------------HTML PREVIEW---------------
<div
  class="tableBodyRow"
  id="keyId1"
  style="-webkit-flex:none;display:flex;flex:none;flex-direction:row;min-height:21px;"
>
  <div style="-webkit-flex:1 1 0px;background-color:#dcd6ff;border-bottom:1px solid #c6bdff;flex:1 1 0px;margin-right:5px;padding-bottom:1px;padding-left:5px;padding-right:17px;padding-top:1px;position:relative;">
    <span style="font-weight:900;margin-right:10px;">
      someContext
    </span>
    <span style="white-space:pre-wrap;">
      A message
    </span>
  </div>
  <div style="-webkit-flex:1 1 0px;background-color:#dcd6ff;border-bottom:1px solid #c6bdff;flex:1 1 0px;margin-right:5px;padding-bottom:1px;padding-left:5px;padding-right:5px;padding-top:1px;position:relative;">
    <div
      dataMockType="Translation"
      lang="es"
    >
      Translation
    </div>
  </div>
  <div style="-webkit-flex:1 1 0px;background-color:#dcd6ff;border-bottom:1px solid #c6bdff;flex:1 1 0px;margin-right:5px;padding-bottom:1px;padding-left:5px;padding-right:5px;padding-top:1px;position:relative;">
    <div
      dataMockType="Translation"
      lang="ca"
    >
      Translation
    </div>
  </div>
</div>
`;
