// Jest Snapshot v1, https://goo.gl/fbAQLP

exports[`HoverableTranslation 01 without translation 1`] = `
<div>
  <div
    className="giu-floats"
    style={
      Object {
        "height": 0,
        "left": 0,
        "position": "absolute",
        "top": 0,
        "width": 0,
      }
    }
  />
  <div
    onMouseEnter={[Function]}
    onMouseLeave={[Function]}
    onMouseMove={[Function]}
    style={
      Object {
        "height": "100%",
        "paddingRight": 75,
      }
    }
  >
    <div>
      <div
        className="giu-textarea"
        style={
          Object {
            "position": "relative",
          }
        }
      >
        <div
          style={
            Object {
              "backgroundColor": "transparent",
              "border": "1px solid transparent",
              "color": "red",
              "cursor": "beam",
              "display": "block",
              "left": 0,
              "minHeight": 17,
              "opacity": 0,
              "overflowY": "hidden",
              "padding": 0,
              "position": "absolute",
              "top": 0,
              "whiteSpace": "pre-wrap",
              "width": "100%",
              "zIndex": -50,
            }
          }
        >
          x
        </div>
        <textarea
          onBlur={[Function]}
          onChange={[Function]}
          onFocus={[Function]}
          onKeyDown={[Function]}
          onKeyUp={[Function]}
          style={
            Object {
              "backgroundColor": "transparent",
              "border": "1px solid transparent",
              "color": "inherit",
              "cursor": "beam",
              "display": "block",
              "fontFamily": "inherit",
              "fontSize": "inherit",
              "fontWeight": "inherit",
              "height": 1,
              "lineHeight": "inherit",
              "minHeight": 17,
              "overflow": "hidden",
              "padding": 0,
              "resize": "none",
              "width": "100%",
            }
          }
          value=""
        />
      </div>
    </div>
  </div>
</div>
------------HTML PREVIEW---------------
<div>
  <div
    class="giu-floats"
    style="height:0;left:0;position:absolute;top:0;width:0;"
  >
  </div>
  <div style="height:100%;padding-right:75px;">
    <div>
      <div
        class="giu-textarea"
        style="position:relative;"
      >
        <div style="background-color:transparent;border:1px solid transparent;color:red;cursor:beam;display:block;left:0;min-height:17px;opacity:0;overflow-y:hidden;padding:0;position:absolute;top:0;white-space:pre-wrap;width:100%;z-index:-50;">
          x
        </div>
        <textarea
          style="background-color:transparent;border:1px solid transparent;color:inherit;cursor:beam;display:block;font-family:inherit;font-size:inherit;font-weight:inherit;height:1px;line-height:inherit;min-height:17px;overflow:hidden;padding:0;resize:none;width:100%;"
          value=""
        ></textarea>
      </div>
    </div>
  </div>
</div>
`;

exports[`HoverableTranslation 02 with translation 1`] = `
<div>
  <div
    className="giu-floats"
    style={
      Object {
        "height": 0,
        "left": 0,
        "position": "absolute",
        "top": 0,
        "width": 0,
      }
    }
  />
  <div
    onMouseEnter={[Function]}
    onMouseLeave={[Function]}
    onMouseMove={[Function]}
    style={
      Object {
        "height": "100%",
        "paddingRight": 75,
      }
    }
  >
    <div>
      <div
        className="giu-textarea"
        style={
          Object {
            "position": "relative",
          }
        }
      >
        <div
          style={
            Object {
              "backgroundColor": "transparent",
              "border": "1px solid transparent",
              "color": "red",
              "cursor": "beam",
              "display": "block",
              "left": 0,
              "minHeight": 17,
              "opacity": 0,
              "overflowY": "hidden",
              "padding": 0,
              "position": "absolute",
              "top": 0,
              "whiteSpace": "pre-wrap",
              "width": "100%",
              "zIndex": -50,
            }
          }
        >
          Un mensaje
        </div>
        <textarea
          onBlur={[Function]}
          onChange={[Function]}
          onFocus={[Function]}
          onKeyDown={[Function]}
          onKeyUp={[Function]}
          style={
            Object {
              "backgroundColor": "transparent",
              "border": "1px solid transparent",
              "color": "inherit",
              "cursor": "beam",
              "display": "block",
              "fontFamily": "inherit",
              "fontSize": "inherit",
              "fontWeight": "inherit",
              "height": 1,
              "lineHeight": "inherit",
              "minHeight": 17,
              "overflow": "hidden",
              "padding": 0,
              "resize": "none",
              "width": "100%",
            }
          }
          value="Un mensaje"
        />
      </div>
    </div>
  </div>
</div>
------------HTML PREVIEW---------------
<div>
  <div
    class="giu-floats"
    style="height:0;left:0;position:absolute;top:0;width:0;"
  >
  </div>
  <div style="height:100%;padding-right:75px;">
    <div>
      <div
        class="giu-textarea"
        style="position:relative;"
      >
        <div style="background-color:transparent;border:1px solid transparent;color:red;cursor:beam;display:block;left:0;min-height:17px;opacity:0;overflow-y:hidden;padding:0;position:absolute;top:0;white-space:pre-wrap;width:100%;z-index:-50;">
          Un mensaje
        </div>
        <textarea
          style="background-color:transparent;border:1px solid transparent;color:inherit;cursor:beam;display:block;font-family:inherit;font-size:inherit;font-weight:inherit;height:1px;line-height:inherit;min-height:17px;overflow:hidden;padding:0;resize:none;width:100%;"
          value="Un mensaje"
        >Un mensaje</textarea>
      </div>
    </div>
  </div>
</div>
`;
